../Core/Src/main.c:153:6:servo1_angle	0	static
../Core/Src/main.c:156:6:servo2_angle	0	static
../Core/Src/main.c:161:6:coin_init	0	static
../Core/Src/main.c:167:9:read_data	8	static
../Core/Src/main.c:173:6:save_data	16	static
../Core/Src/main.c:182:6:Write_coin	32	static
../Core/Src/main.c:191:6:Read_coin	16	static
../Core/Src/main.c:423:6:SystemClock_Config	88	static,ignoring_inline_asm
../Core/Src/main.c:209:5:main	152	static,ignoring_inline_asm
../Core/Src/main.c:816:6:HAL_TIM_PeriodElapsedCallback	8	static
../Core/Src/main.c:857:6:HAL_GPIO_EXTI_Callback	4	static
../Core/Src/main.c:933:6:Error_Handler	0	static,ignoring_inline_asm
