../Core/Src/main.c:152:6:servo1_angle	0	static
../Core/Src/main.c:155:6:servo2_angle	0	static
../Core/Src/main.c:160:6:coin_init	0	static
../Core/Src/main.c:166:9:read_data	8	static
../Core/Src/main.c:172:6:save_data	16	static
../Core/Src/main.c:181:6:Write_coin	32	static
../Core/Src/main.c:190:6:Read_coin	16	static
../Core/Src/main.c:423:6:SystemClock_Config	88	static,ignoring_inline_asm
../Core/Src/main.c:208:5:main	160	static,ignoring_inline_asm
../Core/Src/main.c:816:6:HAL_TIM_PeriodElapsedCallback	8	static
../Core/Src/main.c:857:6:HAL_GPIO_EXTI_Callback	4	static
../Core/Src/main.c:930:6:Error_Handler	0	static,ignoring_inline_asm
