Archive member included to satisfy reference by file (symbol)

/opt/stm32cubeide/plugins/com.st.stm32cube.ide.mcu.externaltools.gnu-tools-for-stm32.10.3-2021.10.linux64_1.0.200.202301161003/tools/bin/../lib/gcc/arm-none-eabi/10.3.1/../../../../arm-none-eabi/lib/thumb/v7e-m+fp/hard/libc_nano.a(lib_a-abs.o)
                              ./Core/Src/main.o (abs)
/opt/stm32cubeide/plugins/com.st.stm32cube.ide.mcu.externaltools.gnu-tools-for-stm32.10.3-2021.10.linux64_1.0.200.202301161003/tools/bin/../lib/gcc/arm-none-eabi/10.3.1/../../../../arm-none-eabi/lib/thumb/v7e-m+fp/hard/libc_nano.a(lib_a-errno.o)
                              ./Core/Src/syscalls.o (__errno)
/opt/stm32cubeide/plugins/com.st.stm32cube.ide.mcu.externaltools.gnu-tools-for-stm32.10.3-2021.10.linux64_1.0.200.202301161003/tools/bin/../lib/gcc/arm-none-eabi/10.3.1/../../../../arm-none-eabi/lib/thumb/v7e-m+fp/hard/libc_nano.a(lib_a-exit.o)
                              /opt/stm32cubeide/plugins/com.st.stm32cube.ide.mcu.externaltools.gnu-tools-for-stm32.10.3-2021.10.linux64_1.0.200.202301161003/tools/bin/../lib/gcc/arm-none-eabi/10.3.1/../../../../arm-none-eabi/lib/thumb/v7e-m+fp/hard/crt0.o (exit)
/opt/stm32cubeide/plugins/com.st.stm32cube.ide.mcu.externaltools.gnu-tools-for-stm32.10.3-2021.10.linux64_1.0.200.202301161003/tools/bin/../lib/gcc/arm-none-eabi/10.3.1/../../../../arm-none-eabi/lib/thumb/v7e-m+fp/hard/libc_nano.a(lib_a-impure.o)
                              /opt/stm32cubeide/plugins/com.st.stm32cube.ide.mcu.externaltools.gnu-tools-for-stm32.10.3-2021.10.linux64_1.0.200.202301161003/tools/bin/../lib/gcc/arm-none-eabi/10.3.1/../../../../arm-none-eabi/lib/thumb/v7e-m+fp/hard/libc_nano.a(lib_a-exit.o) (_global_impure_ptr)
/opt/stm32cubeide/plugins/com.st.stm32cube.ide.mcu.externaltools.gnu-tools-for-stm32.10.3-2021.10.linux64_1.0.200.202301161003/tools/bin/../lib/gcc/arm-none-eabi/10.3.1/../../../../arm-none-eabi/lib/thumb/v7e-m+fp/hard/libc_nano.a(lib_a-init.o)
                              /opt/stm32cubeide/plugins/com.st.stm32cube.ide.mcu.externaltools.gnu-tools-for-stm32.10.3-2021.10.linux64_1.0.200.202301161003/tools/bin/../lib/gcc/arm-none-eabi/10.3.1/../../../../arm-none-eabi/lib/thumb/v7e-m+fp/hard/crt0.o (__libc_init_array)
/opt/stm32cubeide/plugins/com.st.stm32cube.ide.mcu.externaltools.gnu-tools-for-stm32.10.3-2021.10.linux64_1.0.200.202301161003/tools/bin/../lib/gcc/arm-none-eabi/10.3.1/../../../../arm-none-eabi/lib/thumb/v7e-m+fp/hard/libc_nano.a(lib_a-memset.o)
                              /opt/stm32cubeide/plugins/com.st.stm32cube.ide.mcu.externaltools.gnu-tools-for-stm32.10.3-2021.10.linux64_1.0.200.202301161003/tools/bin/../lib/gcc/arm-none-eabi/10.3.1/../../../../arm-none-eabi/lib/thumb/v7e-m+fp/hard/crt0.o (memset)
/opt/stm32cubeide/plugins/com.st.stm32cube.ide.mcu.externaltools.gnu-tools-for-stm32.10.3-2021.10.linux64_1.0.200.202301161003/tools/bin/../lib/gcc/arm-none-eabi/10.3.1/thumb/v7e-m+fp/hard/libgcc.a(_arm_addsubdf3.o)
                              ./Core/Src/main.o (__aeabi_f2d)
/opt/stm32cubeide/plugins/com.st.stm32cube.ide.mcu.externaltools.gnu-tools-for-stm32.10.3-2021.10.linux64_1.0.200.202301161003/tools/bin/../lib/gcc/arm-none-eabi/10.3.1/thumb/v7e-m+fp/hard/libgcc.a(_arm_cmpdf2.o)
                              ./Core/Src/main.o (__aeabi_dcmplt)
/opt/stm32cubeide/plugins/com.st.stm32cube.ide.mcu.externaltools.gnu-tools-for-stm32.10.3-2021.10.linux64_1.0.200.202301161003/tools/bin/../lib/gcc/arm-none-eabi/10.3.1/thumb/v7e-m+fp/hard/libgcc.a(_aeabi_ldivmod.o)
                              ./Drivers/STM32F4xx_HAL_Driver/Src/stm32f4xx_hal_rcc.o (__aeabi_ldivmod)
/opt/stm32cubeide/plugins/com.st.stm32cube.ide.mcu.externaltools.gnu-tools-for-stm32.10.3-2021.10.linux64_1.0.200.202301161003/tools/bin/../lib/gcc/arm-none-eabi/10.3.1/thumb/v7e-m+fp/hard/libgcc.a(_aeabi_uldivmod.o)
                              ./Drivers/STM32F4xx_HAL_Driver/Src/stm32f4xx_hal_rcc.o (__aeabi_uldivmod)
/opt/stm32cubeide/plugins/com.st.stm32cube.ide.mcu.externaltools.gnu-tools-for-stm32.10.3-2021.10.linux64_1.0.200.202301161003/tools/bin/../lib/gcc/arm-none-eabi/10.3.1/thumb/v7e-m+fp/hard/libgcc.a(_udivmoddi4.o)
                              /opt/stm32cubeide/plugins/com.st.stm32cube.ide.mcu.externaltools.gnu-tools-for-stm32.10.3-2021.10.linux64_1.0.200.202301161003/tools/bin/../lib/gcc/arm-none-eabi/10.3.1/thumb/v7e-m+fp/hard/libgcc.a(_aeabi_ldivmod.o) (__udivmoddi4)
/opt/stm32cubeide/plugins/com.st.stm32cube.ide.mcu.externaltools.gnu-tools-for-stm32.10.3-2021.10.linux64_1.0.200.202301161003/tools/bin/../lib/gcc/arm-none-eabi/10.3.1/thumb/v7e-m+fp/hard/libgcc.a(_dvmd_tls.o)
                              /opt/stm32cubeide/plugins/com.st.stm32cube.ide.mcu.externaltools.gnu-tools-for-stm32.10.3-2021.10.linux64_1.0.200.202301161003/tools/bin/../lib/gcc/arm-none-eabi/10.3.1/thumb/v7e-m+fp/hard/libgcc.a(_aeabi_ldivmod.o) (__aeabi_ldiv0)

Discarded input sections

[...]
Memory Configuration

Name             Origin             Length             Attributes
RAM              0x0000000020000000 0x0000000000020000 xrw
FLASH            0x0000000008000000 0x0000000000080000 xr
*default*        0x0000000000000000 0xffffffffffffffff

Linker script and memory map

LOAD /opt/stm32cubeide/plugins/com.st.stm32cube.ide.mcu.externaltools.gnu-tools-for-stm32.10.3-2021.10.linux64_1.0.200.202301161003/tools/bin/../lib/gcc/arm-none-eabi/10.3.1/thumb/v7e-m+fp/hard/crti.o
LOAD /opt/stm32cubeide/plugins/com.st.stm32cube.ide.mcu.externaltools.gnu-tools-for-stm32.10.3-2021.10.linux64_1.0.200.202301161003/tools/bin/../lib/gcc/arm-none-eabi/10.3.1/thumb/v7e-m+fp/hard/crtbegin.o
LOAD /opt/stm32cubeide/plugins/com.st.stm32cube.ide.mcu.externaltools.gnu-tools-for-stm32.10.3-2021.10.linux64_1.0.200.202301161003/tools/bin/../lib/gcc/arm-none-eabi/10.3.1/../../../../arm-none-eabi/lib/thumb/v7e-m+fp/hard/crt0.o
LOAD ./Core/Src/flashFunction.o
LOAD ./Core/Src/i2c-lcd.o
LOAD ./Core/Src/main.o
LOAD ./Core/Src/stm32f4xx_hal_msp.o
LOAD ./Core/Src/stm32f4xx_it.o
LOAD ./Core/Src/syscalls.o
LOAD ./Core/Src/sysmem.o
LOAD ./Core/Src/system_stm32f4xx.o
LOAD ./Core/Startup/startup_stm32f411vetx.o
LOAD ./Drivers/STM32F4xx_HAL_Driver/Src/stm32f4xx_hal.o
LOAD ./Drivers/STM32F4xx_HAL_Driver/Src/stm32f4xx_hal_adc.o
LOAD ./Drivers/STM32F4xx_HAL_Driver/Src/stm32f4xx_hal_adc_ex.o
LOAD ./Drivers/STM32F4xx_HAL_Driver/Src/stm32f4xx_hal_cortex.o
LOAD ./Drivers/STM32F4xx_HAL_Driver/Src/stm32f4xx_hal_dma.o
LOAD ./Drivers/STM32F4xx_HAL_Driver/Src/stm32f4xx_hal_dma_ex.o
LOAD ./Drivers/STM32F4xx_HAL_Driver/Src/stm32f4xx_hal_exti.o
LOAD ./Drivers/STM32F4xx_HAL_Driver/Src/stm32f4xx_hal_flash.o
LOAD ./Drivers/STM32F4xx_HAL_Driver/Src/stm32f4xx_hal_flash_ex.o
LOAD ./Drivers/STM32F4xx_HAL_Driver/Src/stm32f4xx_hal_flash_ramfunc.o
LOAD ./Drivers/STM32F4xx_HAL_Driver/Src/stm32f4xx_hal_gpio.o
LOAD ./Drivers/STM32F4xx_HAL_Driver/Src/stm32f4xx_hal_i2c.o
LOAD ./Drivers/STM32F4xx_HAL_Driver/Src/stm32f4xx_hal_i2c_ex.o
LOAD ./Drivers/STM32F4xx_HAL_Driver/Src/stm32f4xx_hal_pwr.o
LOAD ./Drivers/STM32F4xx_HAL_Driver/Src/stm32f4xx_hal_pwr_ex.o
LOAD ./Drivers/STM32F4xx_HAL_Driver/Src/stm32f4xx_hal_rcc.o
LOAD ./Drivers/STM32F4xx_HAL_Driver/Src/stm32f4xx_hal_rcc_ex.o
LOAD ./Drivers/STM32F4xx_HAL_Driver/Src/stm32f4xx_hal_tim.o
LOAD ./Drivers/STM32F4xx_HAL_Driver/Src/stm32f4xx_hal_tim_ex.o
LOAD ./Drivers/STM32F4xx_HAL_Driver/Src/stm32f4xx_ll_adc.o
START GROUP
LOAD /opt/stm32cubeide/plugins/com.st.stm32cube.ide.mcu.externaltools.gnu-tools-for-stm32.10.3-2021.10.linux64_1.0.200.202301161003/tools/bin/../lib/gcc/arm-none-eabi/10.3.1/../../../../arm-none-eabi/lib/thumb/v7e-m+fp/hard/libc_nano.a
LOAD /opt/stm32cubeide/plugins/com.st.stm32cube.ide.mcu.externaltools.gnu-tools-for-stm32.10.3-2021.10.linux64_1.0.200.202301161003/tools/bin/../lib/gcc/arm-none-eabi/10.3.1/../../../../arm-none-eabi/lib/thumb/v7e-m+fp/hard/libm.a
END GROUP
START GROUP
LOAD /opt/stm32cubeide/plugins/com.st.stm32cube.ide.mcu.externaltools.gnu-tools-for-stm32.10.3-2021.10.linux64_1.0.200.202301161003/tools/bin/../lib/gcc/arm-none-eabi/10.3.1/thumb/v7e-m+fp/hard/libgcc.a
LOAD /opt/stm32cubeide/plugins/com.st.stm32cube.ide.mcu.externaltools.gnu-tools-for-stm32.10.3-2021.10.linux64_1.0.200.202301161003/tools/bin/../lib/gcc/arm-none-eabi/10.3.1/../../../../arm-none-eabi/lib/thumb/v7e-m+fp/hard/libc_nano.a
END GROUP
START GROUP
LOAD /opt/stm32cubeide/plugins/com.st.stm32cube.ide.mcu.externaltools.gnu-tools-for-stm32.10.3-2021.10.linux64_1.0.200.202301161003/tools/bin/../lib/gcc/arm-none-eabi/10.3.1/thumb/v7e-m+fp/hard/libgcc.a
LOAD /opt/stm32cubeide/plugins/com.st.stm32cube.ide.mcu.externaltools.gnu-tools-for-stm32.10.3-2021.10.linux64_1.0.200.202301161003/tools/bin/../lib/gcc/arm-none-eabi/10.3.1/../../../../arm-none-eabi/lib/thumb/v7e-m+fp/hard/libc_nano.a
LOAD /opt/stm32cubeide/plugins/com.st.stm32cube.ide.mcu.externaltools.gnu-tools-for-stm32.10.3-2021.10.linux64_1.0.200.202301161003/tools/bin/../lib/gcc/arm-none-eabi/10.3.1/../../../../arm-none-eabi/lib/thumb/v7e-m+fp/hard/libnosys.a
END GROUP
START GROUP
LOAD /opt/stm32cubeide/plugins/com.st.stm32cube.ide.mcu.externaltools.gnu-tools-for-stm32.10.3-2021.10.linux64_1.0.200.202301161003/tools/bin/../lib/gcc/arm-none-eabi/10.3.1/thumb/v7e-m+fp/hard/libgcc.a
LOAD /opt/stm32cubeide/plugins/com.st.stm32cube.ide.mcu.externaltools.gnu-tools-for-stm32.10.3-2021.10.linux64_1.0.200.202301161003/tools/bin/../lib/gcc/arm-none-eabi/10.3.1/../../../../arm-none-eabi/lib/thumb/v7e-m+fp/hard/libc_nano.a
LOAD /opt/stm32cubeide/plugins/com.st.stm32cube.ide.mcu.externaltools.gnu-tools-for-stm32.10.3-2021.10.linux64_1.0.200.202301161003/tools/bin/../lib/gcc/arm-none-eabi/10.3.1/../../../../arm-none-eabi/lib/thumb/v7e-m+fp/hard/libnosys.a
END GROUP
LOAD /opt/stm32cubeide/plugins/com.st.stm32cube.ide.mcu.externaltools.gnu-tools-for-stm32.10.3-2021.10.linux64_1.0.200.202301161003/tools/bin/../lib/gcc/arm-none-eabi/10.3.1/thumb/v7e-m+fp/hard/crtend.o
LOAD /opt/stm32cubeide/plugins/com.st.stm32cube.ide.mcu.externaltools.gnu-tools-for-stm32.10.3-2021.10.linux64_1.0.200.202301161003/tools/bin/../lib/gcc/arm-none-eabi/10.3.1/thumb/v7e-m+fp/hard/crtn.o
                0x0000000020020000                _estack = (ORIGIN (RAM) + LENGTH (RAM))
                0x0000000000000200                _Min_Heap_Size = 0x200
                0x0000000000000400                _Min_Stack_Size = 0x400

.isr_vector     0x0000000008000000      0x198
                0x0000000008000000                . = ALIGN (0x4)
 *(.isr_vector)
 .isr_vector    0x0000000008000000      0x198 ./Core/Startup/startup_stm32f411vetx.o
                0x0000000008000000                g_pfnVectors
                0x0000000008000198                . = ALIGN (0x4)

.text           0x0000000008000198     0x3498
                0x0000000008000198                . = ALIGN (0x4)
 *(.text)
 .text          0x0000000008000198       0x40 /opt/stm32cubeide/plugins/com.st.stm32cube.ide.mcu.externaltools.gnu-tools-for-stm32.10.3-2021.10.linux64_1.0.200.202301161003/tools/bin/../lib/gcc/arm-none-eabi/10.3.1/thumb/v7e-m+fp/hard/crtbegin.o
 .text          0x00000000080001d8      0x378 /opt/stm32cubeide/plugins/com.st.stm32cube.ide.mcu.externaltools.gnu-tools-for-stm32.10.3-2021.10.linux64_1.0.200.202301161003/tools/bin/../lib/gcc/arm-none-eabi/10.3.1/thumb/v7e-m+fp/hard/libgcc.a(_arm_addsubdf3.o)
                0x00000000080001d8                __aeabi_drsub
                0x00000000080001e0                __aeabi_dsub
                0x00000000080001e0                __subdf3
                0x00000000080001e4                __adddf3
                0x00000000080001e4                __aeabi_dadd
                0x000000000800045c                __aeabi_ui2d
                0x000000000800045c                __floatunsidf
                0x000000000800047c                __floatsidf
                0x000000000800047c                __aeabi_i2d
                0x00000000080004a0                __extendsfdf2
                0x00000000080004a0                __aeabi_f2d
                0x00000000080004e4                __aeabi_ul2d
                0x00000000080004e4                __floatundidf
                0x00000000080004f4                __floatdidf
                0x00000000080004f4                __aeabi_l2d
 .text          0x0000000008000550      0x110 /opt/stm32cubeide/plugins/com.st.stm32cube.ide.mcu.externaltools.gnu-tools-for-stm32.10.3-2021.10.linux64_1.0.200.202301161003/tools/bin/../lib/gcc/arm-none-eabi/10.3.1/thumb/v7e-m+fp/hard/libgcc.a(_arm_cmpdf2.o)
                0x0000000008000550                __gtdf2
                0x0000000008000550                __gedf2
                0x0000000008000558                __ltdf2
                0x0000000008000558                __ledf2
                0x0000000008000560                __cmpdf2
                0x0000000008000560                __eqdf2
                0x0000000008000560                __nedf2
                0x00000000080005dc                __aeabi_cdrcmple
                0x00000000080005ec                __aeabi_cdcmple
                0x00000000080005ec                __aeabi_cdcmpeq
                0x00000000080005fc                __aeabi_dcmpeq
                0x0000000008000610                __aeabi_dcmplt
                0x0000000008000624                __aeabi_dcmple
                0x0000000008000638                __aeabi_dcmpge
                0x000000000800064c                __aeabi_dcmpgt
 .text          0x0000000008000660       0x30 /opt/stm32cubeide/plugins/com.st.stm32cube.ide.mcu.externaltools.gnu-tools-for-stm32.10.3-2021.10.linux64_1.0.200.202301161003/tools/bin/../lib/gcc/arm-none-eabi/10.3.1/thumb/v7e-m+fp/hard/libgcc.a(_aeabi_uldivmod.o)
                0x0000000008000660                __aeabi_uldivmod
 .text          0x0000000008000690      0x2d0 /opt/stm32cubeide/plugins/com.st.stm32cube.ide.mcu.externaltools.gnu-tools-for-stm32.10.3-2021.10.linux64_1.0.200.202301161003/tools/bin/../lib/gcc/arm-none-eabi/10.3.1/thumb/v7e-m+fp/hard/libgcc.a(_udivmoddi4.o)
                0x0000000008000690                __udivmoddi4
 .text          0x0000000008000960        0x4 /opt/stm32cubeide/plugins/com.st.stm32cube.ide.mcu.externaltools.gnu-tools-for-stm32.10.3-2021.10.linux64_1.0.200.202301161003/tools/bin/../lib/gcc/arm-none-eabi/10.3.1/thumb/v7e-m+fp/hard/libgcc.a(_dvmd_tls.o)
                0x0000000008000960                __aeabi_ldiv0
                0x0000000008000960                __aeabi_idiv0
 *(.text*)
 .text.read_data
                0x0000000008000964       0x14 ./Core/Src/flashFunction.o
                0x0000000008000964                read_data
 .text.Write_coin
                0x0000000008000978       0x44 ./Core/Src/flashFunction.o
                0x0000000008000978                Write_coin
 .text.Read_coin
                0x00000000080009bc       0x34 ./Core/Src/flashFunction.o
                0x00000000080009bc                Read_coin
 .text.lcd_init
                0x00000000080009f0      0x108 ./Core/Src/i2c-lcd.o
                0x00000000080009f0                lcd_init
 .text.display_total_init
                0x0000000008000af8       0xbc ./Core/Src/i2c-lcd.o
                0x0000000008000af8                display_total_init
 .text.display_total_update
                0x0000000008000bb4      0x134 ./Core/Src/i2c-lcd.o
                0x0000000008000bb4                display_total_update
 .text.SystemClock_Config
                0x0000000008000ce8       0xb0 ./Core/Src/main.o
                0x0000000008000ce8                SystemClock_Config
 .text.startup.main
                0x0000000008000d98      0xc0c ./Core/Src/main.o
                0x0000000008000d98                main
 .text.HAL_TIM_PeriodElapsedCallback
                0x00000000080019a4       0xa4 ./Core/Src/main.o
                0x00000000080019a4                HAL_TIM_PeriodElapsedCallback
 .text.HAL_GPIO_EXTI_Callback
                0x0000000008001a48       0xb0 ./Core/Src/main.o
                0x0000000008001a48                HAL_GPIO_EXTI_Callback
 .text.HAL_MspInit
                0x0000000008001af8       0x38 ./Core/Src/stm32f4xx_hal_msp.o
                0x0000000008001af8                HAL_MspInit
 .text.HAL_ADC_MspInit
                0x0000000008001b30       0x70 ./Core/Src/stm32f4xx_hal_msp.o
                0x0000000008001b30                HAL_ADC_MspInit
 .text.HAL_I2C_MspInit
                0x0000000008001ba0       0x70 ./Core/Src/stm32f4xx_hal_msp.o
                0x0000000008001ba0                HAL_I2C_MspInit
 .text.HAL_TIM_Base_MspInit
                0x0000000008001c10      0x110 ./Core/Src/stm32f4xx_hal_msp.o
                0x0000000008001c10                HAL_TIM_Base_MspInit
 .text.NMI_Handler
                0x0000000008001d20        0x4 ./Core/Src/stm32f4xx_it.o
                0x0000000008001d20                NMI_Handler
 .text.HardFault_Handler
                0x0000000008001d24        0x4 ./Core/Src/stm32f4xx_it.o
                0x0000000008001d24                HardFault_Handler
 .text.MemManage_Handler
                0x0000000008001d28        0x4 ./Core/Src/stm32f4xx_it.o
                0x0000000008001d28                MemManage_Handler
 .text.BusFault_Handler
                0x0000000008001d2c        0x4 ./Core/Src/stm32f4xx_it.o
                0x0000000008001d2c                BusFault_Handler
 .text.UsageFault_Handler
                0x0000000008001d30        0x4 ./Core/Src/stm32f4xx_it.o
                0x0000000008001d30                UsageFault_Handler
 .text.SVC_Handler
                0x0000000008001d34        0x4 ./Core/Src/stm32f4xx_it.o
                0x0000000008001d34                SVC_Handler
 .text.DebugMon_Handler
                0x0000000008001d38        0x4 ./Core/Src/stm32f4xx_it.o
                0x0000000008001d38                DebugMon_Handler
 .text.PendSV_Handler
                0x0000000008001d3c        0x4 ./Core/Src/stm32f4xx_it.o
                0x0000000008001d3c                PendSV_Handler
 .text.SysTick_Handler
                0x0000000008001d40        0x4 ./Core/Src/stm32f4xx_it.o
                0x0000000008001d40                SysTick_Handler
 .text.EXTI0_IRQHandler
                0x0000000008001d44        0x8 ./Core/Src/stm32f4xx_it.o
                0x0000000008001d44                EXTI0_IRQHandler
 .text.EXTI1_IRQHandler
                0x0000000008001d4c        0x8 ./Core/Src/stm32f4xx_it.o
                0x0000000008001d4c                EXTI1_IRQHandler
 .text.EXTI2_IRQHandler
                0x0000000008001d54        0x8 ./Core/Src/stm32f4xx_it.o
                0x0000000008001d54                EXTI2_IRQHandler
 .text.EXTI3_IRQHandler
                0x0000000008001d5c        0x8 ./Core/Src/stm32f4xx_it.o
                0x0000000008001d5c                EXTI3_IRQHandler
 .text.EXTI9_5_IRQHandler
                0x0000000008001d64       0x1c ./Core/Src/stm32f4xx_it.o
                0x0000000008001d64                EXTI9_5_IRQHandler
 .text.TIM1_BRK_TIM9_IRQHandler
                0x0000000008001d80        0xc ./Core/Src/stm32f4xx_it.o
                0x0000000008001d80                TIM1_BRK_TIM9_IRQHandler
 .text.TIM1_UP_TIM10_IRQHandler
                0x0000000008001d8c        0xc ./Core/Src/stm32f4xx_it.o
                0x0000000008001d8c                TIM1_UP_TIM10_IRQHandler
 .text.TIM2_IRQHandler
                0x0000000008001d98        0xc ./Core/Src/stm32f4xx_it.o
                0x0000000008001d98                TIM2_IRQHandler
 .text.TIM5_IRQHandler
                0x0000000008001da4        0xc ./Core/Src/stm32f4xx_it.o
                0x0000000008001da4                TIM5_IRQHandler
 .text.SystemInit
                0x0000000008001db0       0x14 ./Core/Src/system_stm32f4xx.o
                0x0000000008001db0                SystemInit
 .text.Reset_Handler
                0x0000000008001dc4       0x50 ./Core/Startup/startup_stm32f411vetx.o
                0x0000000008001dc4                Reset_Handler
 .text.Default_Handler
                0x0000000008001e14        0x2 ./Core/Startup/startup_stm32f411vetx.o
                0x0000000008001e14                RTC_Alarm_IRQHandler
                0x0000000008001e14                SPI4_IRQHandler
                0x0000000008001e14                TIM1_CC_IRQHandler
                0x0000000008001e14                DMA2_Stream5_IRQHandler
                0x0000000008001e14                DMA1_Stream5_IRQHandler
                0x0000000008001e14                PVD_IRQHandler
                0x0000000008001e14                SDIO_IRQHandler
                0x0000000008001e14                TAMP_STAMP_IRQHandler
                0x0000000008001e14                I2C3_ER_IRQHandler
                0x0000000008001e14                I2C2_EV_IRQHandler
                0x0000000008001e14                DMA1_Stream2_IRQHandler
                0x0000000008001e14                FPU_IRQHandler
                0x0000000008001e14                DMA2_Stream2_IRQHandler
                0x0000000008001e14                SPI1_IRQHandler
                0x0000000008001e14                DMA2_Stream3_IRQHandler
                0x0000000008001e14                USART6_IRQHandler
                0x0000000008001e14                DMA2_Stream0_IRQHandler
                0x0000000008001e14                TIM4_IRQHandler
                0x0000000008001e14                I2C1_EV_IRQHandler
                0x0000000008001e14                DMA1_Stream6_IRQHandler
                0x0000000008001e14                DMA1_Stream1_IRQHandler
                0x0000000008001e14                TIM3_IRQHandler
                0x0000000008001e14                RCC_IRQHandler
                0x0000000008001e14                Default_Handler
                0x0000000008001e14                EXTI15_10_IRQHandler
                0x0000000008001e14                ADC_IRQHandler
                0x0000000008001e14                DMA1_Stream7_IRQHandler
                0x0000000008001e14                SPI5_IRQHandler
                0x0000000008001e14                DMA2_Stream7_IRQHandler
                0x0000000008001e14                I2C3_EV_IRQHandler
                0x0000000008001e14                RTC_WKUP_IRQHandler
                0x0000000008001e14                SPI2_IRQHandler
                0x0000000008001e14                DMA1_Stream0_IRQHandler
                0x0000000008001e14                EXTI4_IRQHandler
                0x0000000008001e14                WWDG_IRQHandler
                0x0000000008001e14                OTG_FS_WKUP_IRQHandler
                0x0000000008001e14                TIM1_TRG_COM_TIM11_IRQHandler
                0x0000000008001e14                USART2_IRQHandler
                0x0000000008001e14                I2C2_ER_IRQHandler
                0x0000000008001e14                DMA2_Stream1_IRQHandler
                0x0000000008001e14                FLASH_IRQHandler
                0x0000000008001e14                DMA2_Stream4_IRQHandler
                0x0000000008001e14                USART1_IRQHandler
                0x0000000008001e14                OTG_FS_IRQHandler
                0x0000000008001e14                SPI3_IRQHandler
                0x0000000008001e14                DMA1_Stream4_IRQHandler
                0x0000000008001e14                I2C1_ER_IRQHandler
                0x0000000008001e14                DMA2_Stream6_IRQHandler
                0x0000000008001e14                DMA1_Stream3_IRQHandler
 *fill*         0x0000000008001e16        0x2 
 .text.HAL_InitTick
                0x0000000008001e18       0x48 ./Drivers/STM32F4xx_HAL_Driver/Src/stm32f4xx_hal.o
                0x0000000008001e18                HAL_InitTick
 .text.HAL_Init
                0x0000000008001e60       0x34 ./Drivers/STM32F4xx_HAL_Driver/Src/stm32f4xx_hal.o
                0x0000000008001e60                HAL_Init
 .text.HAL_IncTick
                0x0000000008001e94       0x18 ./Drivers/STM32F4xx_HAL_Driver/Src/stm32f4xx_hal.o
                0x0000000008001e94                HAL_IncTick
 .text.HAL_GetTick
                0x0000000008001eac        0xc ./Drivers/STM32F4xx_HAL_Driver/Src/stm32f4xx_hal.o
                0x0000000008001eac                HAL_GetTick
 .text.HAL_Delay
                0x0000000008001eb8       0x24 ./Drivers/STM32F4xx_HAL_Driver/Src/stm32f4xx_hal.o
                0x0000000008001eb8                HAL_Delay
 .text.HAL_ADC_Init
                0x0000000008001edc      0x15c ./Drivers/STM32F4xx_HAL_Driver/Src/stm32f4xx_hal_adc.o
                0x0000000008001edc                HAL_ADC_Init
 .text.HAL_ADC_ConfigChannel
                0x0000000008002038      0x17c ./Drivers/STM32F4xx_HAL_Driver/Src/stm32f4xx_hal_adc.o
                0x0000000008002038                HAL_ADC_ConfigChannel
 .text.HAL_NVIC_SetPriorityGrouping
                0x00000000080021b4       0x24 ./Drivers/STM32F4xx_HAL_Driver/Src/stm32f4xx_hal_cortex.o
                0x00000000080021b4                HAL_NVIC_SetPriorityGrouping
 .text.HAL_NVIC_SetPriority
                0x00000000080021d8       0x7c ./Drivers/STM32F4xx_HAL_Driver/Src/stm32f4xx_hal_cortex.o
                0x00000000080021d8                HAL_NVIC_SetPriority
 .text.HAL_NVIC_EnableIRQ
                0x0000000008002254       0x1c ./Drivers/STM32F4xx_HAL_Driver/Src/stm32f4xx_hal_cortex.o
                0x0000000008002254                HAL_NVIC_EnableIRQ
 .text.HAL_SYSTICK_Config
                0x0000000008002270       0x34 ./Drivers/STM32F4xx_HAL_Driver/Src/stm32f4xx_hal_cortex.o
                0x0000000008002270                HAL_SYSTICK_Config
 .text.FLASH_SetErrorCode
                0x00000000080022a4       0x90 ./Drivers/STM32F4xx_HAL_Driver/Src/stm32f4xx_hal_flash.o
 .text.HAL_FLASH_Program
                0x0000000008002334      0x144 ./Drivers/STM32F4xx_HAL_Driver/Src/stm32f4xx_hal_flash.o
                0x0000000008002334                HAL_FLASH_Program
 .text.HAL_FLASH_Unlock
                0x0000000008002478       0x28 ./Drivers/STM32F4xx_HAL_Driver/Src/stm32f4xx_hal_flash.o
                0x0000000008002478                HAL_FLASH_Unlock
 .text.HAL_FLASH_Lock
                0x00000000080024a0       0x14 ./Drivers/STM32F4xx_HAL_Driver/Src/stm32f4xx_hal_flash.o
                0x00000000080024a0                HAL_FLASH_Lock
 .text.HAL_GPIO_Init
                0x00000000080024b4      0x1e4 ./Drivers/STM32F4xx_HAL_Driver/Src/stm32f4xx_hal_gpio.o
                0x00000000080024b4                HAL_GPIO_Init
 .text.HAL_GPIO_WritePin
                0x0000000008002698        0x8 ./Drivers/STM32F4xx_HAL_Driver/Src/stm32f4xx_hal_gpio.o
                0x0000000008002698                HAL_GPIO_WritePin
 .text.HAL_GPIO_EXTI_IRQHandler
                0x00000000080026a0       0x18 ./Drivers/STM32F4xx_HAL_Driver/Src/stm32f4xx_hal_gpio.o
                0x00000000080026a0                HAL_GPIO_EXTI_IRQHandler
 .text.HAL_I2C_Init
                0x00000000080026b8      0x190 ./Drivers/STM32F4xx_HAL_Driver/Src/stm32f4xx_hal_i2c.o
                0x00000000080026b8                HAL_I2C_Init
 .text.HAL_I2C_Master_Transmit
                0x0000000008002848      0x324 ./Drivers/STM32F4xx_HAL_Driver/Src/stm32f4xx_hal_i2c.o
                0x0000000008002848                HAL_I2C_Master_Transmit
 .text.HAL_RCC_OscConfig
                0x0000000008002b6c      0x3c8 ./Drivers/STM32F4xx_HAL_Driver/Src/stm32f4xx_hal_rcc.o
                0x0000000008002b6c                HAL_RCC_OscConfig
 .text.HAL_RCC_GetSysClockFreq
                0x0000000008002f34       0x68 ./Drivers/STM32F4xx_HAL_Driver/Src/stm32f4xx_hal_rcc.o
                0x0000000008002f34                HAL_RCC_GetSysClockFreq
 .text.HAL_RCC_ClockConfig
                0x0000000008002f9c      0x13c ./Drivers/STM32F4xx_HAL_Driver/Src/stm32f4xx_hal_rcc.o
                0x0000000008002f9c                HAL_RCC_ClockConfig
 .text.HAL_RCC_GetPCLK1Freq
                0x00000000080030d8       0x20 ./Drivers/STM32F4xx_HAL_Driver/Src/stm32f4xx_hal_rcc.o
                0x00000000080030d8                HAL_RCC_GetPCLK1Freq
 .text.HAL_TIM_Base_Init
                0x00000000080030f8       0xfc ./Drivers/STM32F4xx_HAL_Driver/Src/stm32f4xx_hal_tim.o
                0x00000000080030f8                HAL_TIM_Base_Init
 .text.HAL_TIM_Base_Start_IT
                0x00000000080031f4       0x68 ./Drivers/STM32F4xx_HAL_Driver/Src/stm32f4xx_hal_tim.o
                0x00000000080031f4                HAL_TIM_Base_Start_IT
 .text.HAL_TIM_Base_Stop_IT
                0x000000000800325c       0x30 ./Drivers/STM32F4xx_HAL_Driver/Src/stm32f4xx_hal_tim.o
                0x000000000800325c                HAL_TIM_Base_Stop_IT
 .text.HAL_TIM_ConfigClockSource
                0x000000000800328c      0x160 ./Drivers/STM32F4xx_HAL_Driver/Src/stm32f4xx_hal_tim.o
                0x000000000800328c                HAL_TIM_ConfigClockSource
 .text.HAL_TIM_OC_DelayElapsedCallback
                0x00000000080033ec        0x4 ./Drivers/STM32F4xx_HAL_Driver/Src/stm32f4xx_hal_tim.o
                0x00000000080033ec                HAL_TIM_OC_DelayElapsedCallback
 .text.HAL_TIM_IC_CaptureCallback
                0x00000000080033f0        0x4 ./Drivers/STM32F4xx_HAL_Driver/Src/stm32f4xx_hal_tim.o
                0x00000000080033f0                HAL_TIM_IC_CaptureCallback
 .text.HAL_TIM_PWM_PulseFinishedCallback
                0x00000000080033f4        0x4 ./Drivers/STM32F4xx_HAL_Driver/Src/stm32f4xx_hal_tim.o
                0x00000000080033f4                HAL_TIM_PWM_PulseFinishedCallback
 .text.HAL_TIM_TriggerCallback
                0x00000000080033f8        0x4 ./Drivers/STM32F4xx_HAL_Driver/Src/stm32f4xx_hal_tim.o
                0x00000000080033f8                HAL_TIM_TriggerCallback
 .text.HAL_TIM_IRQHandler
                0x00000000080033fc      0x154 ./Drivers/STM32F4xx_HAL_Driver/Src/stm32f4xx_hal_tim.o
                0x00000000080033fc                HAL_TIM_IRQHandler
 .text.HAL_TIMEx_MasterConfigSynchronization
                0x0000000008003550       0x70 ./Drivers/STM32F4xx_HAL_Driver/Src/stm32f4xx_hal_tim_ex.o
                0x0000000008003550                HAL_TIMEx_MasterConfigSynchronization
 .text.HAL_TIMEx_CommutCallback
                0x00000000080035c0        0x4 ./Drivers/STM32F4xx_HAL_Driver/Src/stm32f4xx_hal_tim_ex.o
                0x00000000080035c0                HAL_TIMEx_CommutCallback
 .text.HAL_TIMEx_BreakCallback
                0x00000000080035c4        0x4 ./Drivers/STM32F4xx_HAL_Driver/Src/stm32f4xx_hal_tim_ex.o
                0x00000000080035c4                HAL_TIMEx_BreakCallback
 .text.abs      0x00000000080035c8        0x8 /opt/stm32cubeide/plugins/com.st.stm32cube.ide.mcu.externaltools.gnu-tools-for-stm32.10.3-2021.10.linux64_1.0.200.202301161003/tools/bin/../lib/gcc/arm-none-eabi/10.3.1/../../../../arm-none-eabi/lib/thumb/v7e-m+fp/hard/libc_nano.a(lib_a-abs.o)
                0x00000000080035c8                abs
 .text.__libc_init_array
                0x00000000080035d0       0x48 /opt/stm32cubeide/plugins/com.st.stm32cube.ide.mcu.externaltools.gnu-tools-for-stm32.10.3-2021.10.linux64_1.0.200.202301161003/tools/bin/../lib/gcc/arm-none-eabi/10.3.1/../../../../arm-none-eabi/lib/thumb/v7e-m+fp/hard/libc_nano.a(lib_a-init.o)
                0x00000000080035d0                __libc_init_array
 *(.glue_7)
 .glue_7        0x0000000008003618        0x0 linker stubs
 *(.glue_7t)
 .glue_7t       0x0000000008003618        0x0 linker stubs
 *(.eh_frame)
 .eh_frame      0x0000000008003618        0x0 /opt/stm32cubeide/plugins/com.st.stm32cube.ide.mcu.externaltools.gnu-tools-for-stm32.10.3-2021.10.linux64_1.0.200.202301161003/tools/bin/../lib/gcc/arm-none-eabi/10.3.1/thumb/v7e-m+fp/hard/crtbegin.o
 *(.init)
 .init          0x0000000008003618        0x4 /opt/stm32cubeide/plugins/com.st.stm32cube.ide.mcu.externaltools.gnu-tools-for-stm32.10.3-2021.10.linux64_1.0.200.202301161003/tools/bin/../lib/gcc/arm-none-eabi/10.3.1/thumb/v7e-m+fp/hard/crti.o
                0x0000000008003618                _init
 .init          0x000000000800361c        0x8 /opt/stm32cubeide/plugins/com.st.stm32cube.ide.mcu.externaltools.gnu-tools-for-stm32.10.3-2021.10.linux64_1.0.200.202301161003/tools/bin/../lib/gcc/arm-none-eabi/10.3.1/thumb/v7e-m+fp/hard/crtn.o
 *(.fini)
 .fini          0x0000000008003624        0x4 /opt/stm32cubeide/plugins/com.st.stm32cube.ide.mcu.externaltools.gnu-tools-for-stm32.10.3-2021.10.linux64_1.0.200.202301161003/tools/bin/../lib/gcc/arm-none-eabi/10.3.1/thumb/v7e-m+fp/hard/crti.o
                0x0000000008003624                _fini
 .fini          0x0000000008003628        0x8 /opt/stm32cubeide/plugins/com.st.stm32cube.ide.mcu.externaltools.gnu-tools-for-stm32.10.3-2021.10.linux64_1.0.200.202301161003/tools/bin/../lib/gcc/arm-none-eabi/10.3.1/thumb/v7e-m+fp/hard/crtn.o
                0x0000000008003630                . = ALIGN (0x4)
                0x0000000008003630                _etext = .

.vfp11_veneer   0x0000000008003630        0x0
 .vfp11_veneer  0x0000000008003630        0x0 linker stubs

.v4_bx          0x0000000008003630        0x0
 .v4_bx         0x0000000008003630        0x0 linker stubs

.iplt           0x0000000008003630        0x0
 .iplt          0x0000000008003630        0x0 /opt/stm32cubeide/plugins/com.st.stm32cube.ide.mcu.externaltools.gnu-tools-for-stm32.10.3-2021.10.linux64_1.0.200.202301161003/tools/bin/../lib/gcc/arm-none-eabi/10.3.1/thumb/v7e-m+fp/hard/crtbegin.o

.rodata         0x0000000008003630       0x2c
                0x0000000008003630                . = ALIGN (0x4)
 *(.rodata)
 *(.rodata*)
 .rodata.display_total_init.str1.4
                0x0000000008003630        0x7 ./Core/Src/i2c-lcd.o
 *fill*         0x0000000008003637        0x1 
 .rodata.display_total_update.str1.4
                0x0000000008003638        0xa ./Core/Src/i2c-lcd.o
 *fill*         0x0000000008003642        0x2 
 .rodata.AHBPrescTable
                0x0000000008003644       0x10 ./Core/Src/system_stm32f4xx.o
                0x0000000008003644                AHBPrescTable
 .rodata.APBPrescTable
                0x0000000008003654        0x8 ./Core/Src/system_stm32f4xx.o
                0x0000000008003654                APBPrescTable
                0x000000000800365c                . = ALIGN (0x4)

.ARM.extab      0x000000000800365c        0x0
                0x000000000800365c                . = ALIGN (0x4)
 *(.ARM.extab* .gnu.linkonce.armextab.*)
                0x000000000800365c                . = ALIGN (0x4)

.ARM            0x000000000800365c        0x8
                0x000000000800365c                . = ALIGN (0x4)
                0x000000000800365c                __exidx_start = .
 *(.ARM.exidx*)
 .ARM.exidx     0x000000000800365c        0x8 /opt/stm32cubeide/plugins/com.st.stm32cube.ide.mcu.externaltools.gnu-tools-for-stm32.10.3-2021.10.linux64_1.0.200.202301161003/tools/bin/../lib/gcc/arm-none-eabi/10.3.1/thumb/v7e-m+fp/hard/libgcc.a(_udivmoddi4.o)
                0x0000000008003664                __exidx_end = .
                0x0000000008003664                . = ALIGN (0x4)

.rel.dyn        0x0000000008003664        0x0
 .rel.iplt      0x0000000008003664        0x0 /opt/stm32cubeide/plugins/com.st.stm32cube.ide.mcu.externaltools.gnu-tools-for-stm32.10.3-2021.10.linux64_1.0.200.202301161003/tools/bin/../lib/gcc/arm-none-eabi/10.3.1/thumb/v7e-m+fp/hard/crtbegin.o

.preinit_array  0x0000000008003664        0x0
                0x0000000008003664                . = ALIGN (0x4)
                0x0000000008003664                PROVIDE (__preinit_array_start = .)
 *(.preinit_array*)
                0x0000000008003664                PROVIDE (__preinit_array_end = .)
                0x0000000008003664                . = ALIGN (0x4)

.init_array     0x0000000008003664        0x4
                0x0000000008003664                . = ALIGN (0x4)
                0x0000000008003664                PROVIDE (__init_array_start = .)
 *(SORT_BY_NAME(.init_array.*))
 *(.init_array*)
 .init_array    0x0000000008003664        0x4 /opt/stm32cubeide/plugins/com.st.stm32cube.ide.mcu.externaltools.gnu-tools-for-stm32.10.3-2021.10.linux64_1.0.200.202301161003/tools/bin/../lib/gcc/arm-none-eabi/10.3.1/thumb/v7e-m+fp/hard/crtbegin.o
                0x0000000008003668                PROVIDE (__init_array_end = .)
                0x0000000008003668                . = ALIGN (0x4)

.fini_array     0x0000000008003668        0x4
                0x0000000008003668                . = ALIGN (0x4)
                [!provide]                        PROVIDE (__fini_array_start = .)
 *(SORT_BY_NAME(.fini_array.*))
 *(.fini_array*)
 .fini_array    0x0000000008003668        0x4 /opt/stm32cubeide/plugins/com.st.stm32cube.ide.mcu.externaltools.gnu-tools-for-stm32.10.3-2021.10.linux64_1.0.200.202301161003/tools/bin/../lib/gcc/arm-none-eabi/10.3.1/thumb/v7e-m+fp/hard/crtbegin.o
                [!provide]                        PROVIDE (__fini_array_end = .)
                0x000000000800366c                . = ALIGN (0x4)
                0x000000000800366c                _sidata = LOADADDR (.data)

.data           0x0000000020000000       0x3c load address 0x000000000800366c
                0x0000000020000000                . = ALIGN (0x4)
                0x0000000020000000                _sdata = .
 *(.data)
 *(.data*)
 .data.EF_min_val
                0x0000000020000000        0x4 ./Core/Src/main.o
                0x0000000020000000                EF_min_val
 .data.MA_min_val
                0x0000000020000004        0x4 ./Core/Src/main.o
                0x0000000020000004                MA_min_val
 .data.coin_values
                0x0000000020000008       0x20 ./Core/Src/main.o
                0x0000000020000008                coin_values
 .data.debug_mode
                0x0000000020000028        0x1 ./Core/Src/main.o
                0x0000000020000028                debug_mode
 *fill*         0x0000000020000029        0x1 
 .data.servo1_timer
                0x000000002000002a        0x2 ./Core/Src/main.o
                0x000000002000002a                servo1_timer
 .data.servo2_timer
                0x000000002000002c        0x2 ./Core/Src/main.o
                0x000000002000002c                servo2_timer
 *fill*         0x000000002000002e        0x2 
 .data.SystemCoreClock
                0x0000000020000030        0x4 ./Core/Src/system_stm32f4xx.o
                0x0000000020000030                SystemCoreClock
 .data.uwTickFreq
                0x0000000020000034        0x1 ./Drivers/STM32F4xx_HAL_Driver/Src/stm32f4xx_hal.o
                0x0000000020000034                uwTickFreq
 *fill*         0x0000000020000035        0x3 
 .data.uwTickPrio
                0x0000000020000038        0x4 ./Drivers/STM32F4xx_HAL_Driver/Src/stm32f4xx_hal.o
                0x0000000020000038                uwTickPrio
 *(.RamFunc)
 *(.RamFunc*)
                0x000000002000003c                . = ALIGN (0x4)
                0x000000002000003c                _edata = .

.igot.plt       0x000000002000003c        0x0 load address 0x00000000080036a8
 .igot.plt      0x000000002000003c        0x0 /opt/stm32cubeide/plugins/com.st.stm32cube.ide.mcu.externaltools.gnu-tools-for-stm32.10.3-2021.10.linux64_1.0.200.202301161003/tools/bin/../lib/gcc/arm-none-eabi/10.3.1/thumb/v7e-m+fp/hard/crtbegin.o
                0x000000002000003c                . = ALIGN (0x4)

.bss            0x0000000020000040      0x3a0 load address 0x00000000080036a8
                0x0000000020000040                _sbss = .
                0x0000000020000040                __bss_start__ = _sbss
 *(.bss)
 .bss           0x0000000020000040       0x1c /opt/stm32cubeide/plugins/com.st.stm32cube.ide.mcu.externaltools.gnu-tools-for-stm32.10.3-2021.10.linux64_1.0.200.202301161003/tools/bin/../lib/gcc/arm-none-eabi/10.3.1/thumb/v7e-m+fp/hard/crtbegin.o
 *(.bss*)
 .bss.EFWeight  0x000000002000005c        0x4 ./Core/Src/main.o
                0x000000002000005c                EFWeight
 .bss.EF_avg    0x0000000020000060        0x4 ./Core/Src/main.o
                0x0000000020000060                EF_avg
 .bss.EF_mov_avg
                0x0000000020000064       0x20 ./Core/Src/main.o
                0x0000000020000064                EF_mov_avg
 .bss.EF_mov_avg_index
                0x0000000020000084        0x1 ./Core/Src/main.o
                0x0000000020000084                EF_mov_avg_index
 *fill*         0x0000000020000085        0x3 
 .bss.EF_new_val
                0x0000000020000088        0x4 ./Core/Src/main.o
                0x0000000020000088                EF_new_val
 .bss.EF_rdy    0x000000002000008c        0x1 ./Core/Src/main.o
                0x000000002000008c                EF_rdy
 .bss.EF_sensor_output_stable
                0x000000002000008d        0x1 ./Core/Src/main.o
                0x000000002000008d                EF_sensor_output_stable
 *fill*         0x000000002000008e        0x2 
 .bss.MAWeight  0x0000000020000090        0x4 ./Core/Src/main.o
                0x0000000020000090                MAWeight
 .bss.MA_avg    0x0000000020000094        0x4 ./Core/Src/main.o
                0x0000000020000094                MA_avg
 .bss.MA_mov_avg
                0x0000000020000098       0x20 ./Core/Src/main.o
                0x0000000020000098                MA_mov_avg
 .bss.MA_mov_avg_index
                0x00000000200000b8        0x1 ./Core/Src/main.o
                0x00000000200000b8                MA_mov_avg_index
 *fill*         0x00000000200000b9        0x3 
 .bss.MA_new_val
                0x00000000200000bc        0x4 ./Core/Src/main.o
                0x00000000200000bc                MA_new_val
 .bss.MA_sensor_output_stable
                0x00000000200000c0        0x1 ./Core/Src/main.o
                0x00000000200000c0                MA_sensor_output_stable
 *fill*         0x00000000200000c1        0x3 
 .bss.MFWeight  0x00000000200000c4        0x4 ./Core/Src/main.o
                0x00000000200000c4                MFWeight
 .bss.MF_avg    0x00000000200000c8        0x4 ./Core/Src/main.o
                0x00000000200000c8                MF_avg
 .bss.MF_max_val
                0x00000000200000cc        0x4 ./Core/Src/main.o
                0x00000000200000cc                MF_max_val
 .bss.MF_mov_avg
                0x00000000200000d0       0x20 ./Core/Src/main.o
                0x00000000200000d0                MF_mov_avg
 .bss.MF_mov_avg_index
                0x00000000200000f0        0x1 ./Core/Src/main.o
                0x00000000200000f0                MF_mov_avg_index
 *fill*         0x00000000200000f1        0x3 
 .bss.MF_new_val
                0x00000000200000f4        0x4 ./Core/Src/main.o
                0x00000000200000f4                MF_new_val
 .bss.MF_rdy    0x00000000200000f8        0x1 ./Core/Src/main.o
                0x00000000200000f8                MF_rdy
 .bss.MF_sensor_output_stable
                0x00000000200000f9        0x1 ./Core/Src/main.o
                0x00000000200000f9                MF_sensor_output_stable
 .bss.cal_mode  0x00000000200000fa        0x1 ./Core/Src/main.o
                0x00000000200000fa                cal_mode
 .bss.coin_inserted
                0x00000000200000fb        0x1 ./Core/Src/main.o
                0x00000000200000fb                coin_inserted
 .bss.coin_still_present
                0x00000000200000fc        0x1 ./Core/Src/main.o
                0x00000000200000fc                coin_still_present
 .bss.counting_mode
                0x00000000200000fd        0x1 ./Core/Src/main.o
                0x00000000200000fd                counting_mode
 *fill*         0x00000000200000fe        0x2 
 .bss.hadc1     0x0000000020000100       0x48 ./Core/Src/main.o
                0x0000000020000100                hadc1
 .bss.hi2c1     0x0000000020000148       0x54 ./Core/Src/main.o
                0x0000000020000148                hi2c1
 .bss.htim10    0x000000002000019c       0x48 ./Core/Src/main.o
                0x000000002000019c                htim10
 .bss.htim11    0x00000000200001e4       0x48 ./Core/Src/main.o
                0x00000000200001e4                htim11
 .bss.htim2     0x000000002000022c       0x48 ./Core/Src/main.o
                0x000000002000022c                htim2
 .bss.htim5     0x0000000020000274       0x48 ./Core/Src/main.o
                0x0000000020000274                htim5
 .bss.htim9     0x00000000200002bc       0x48 ./Core/Src/main.o
                0x00000000200002bc                htim9
 .bss.i         0x0000000020000304        0x1 ./Core/Src/main.o
                0x0000000020000304                i
 .bss.j         0x0000000020000305        0x1 ./Core/Src/main.o
                0x0000000020000305                j
 *fill*         0x0000000020000306        0x2 
 .bss.savedCoins
                0x0000000020000308       0xa0 ./Core/Src/main.o
                0x0000000020000308                savedCoins
 .bss.servo1_state
                0x00000000200003a8        0x1 ./Core/Src/main.o
                0x00000000200003a8                servo1_state
 .bss.servo2_state
                0x00000000200003a9        0x1 ./Core/Src/main.o
                0x00000000200003a9                servo2_state
 *fill*         0x00000000200003aa        0x2 
 .bss.sum       0x00000000200003ac        0x4 ./Core/Src/main.o
                0x00000000200003ac                sum
 .bss.sum_DA    0x00000000200003b0        0x4 ./Core/Src/main.o
                0x00000000200003b0                sum_DA
 .bss.sum_DF    0x00000000200003b4        0x4 ./Core/Src/main.o
                0x00000000200003b4                sum_DF
 .bss.sum_DV    0x00000000200003b8        0x4 ./Core/Src/main.o
                0x00000000200003b8                sum_DV
 .bss.uwTick    0x00000000200003bc        0x4 ./Drivers/STM32F4xx_HAL_Driver/Src/stm32f4xx_hal.o
                0x00000000200003bc                uwTick
 .bss.pFlash    0x00000000200003c0       0x20 ./Drivers/STM32F4xx_HAL_Driver/Src/stm32f4xx_hal_flash.o
                0x00000000200003c0                pFlash
 *(COMMON)
                0x00000000200003e0                . = ALIGN (0x4)
                0x00000000200003e0                _ebss = .
                0x00000000200003e0                __bss_end__ = _ebss

._user_heap_stack
                0x00000000200003e0      0x600 load address 0x00000000080036a8
                0x00000000200003e0                . = ALIGN (0x8)
                [!provide]                        PROVIDE (end = .)
                0x00000000200003e0                PROVIDE (_end = .)
                0x00000000200005e0                . = (. + _Min_Heap_Size)
 *fill*         0x00000000200003e0      0x200 
                0x00000000200009e0                . = (. + _Min_Stack_Size)
 *fill*         0x00000000200005e0      0x400 
                0x00000000200009e0                . = ALIGN (0x8)

/DISCARD/
 libc.a(*)
 libm.a(*)
 libgcc.a(*)

.ARM.attributes
                0x0000000000000000       0x30
 *(.ARM.attributes)
 .ARM.attributes
                0x0000000000000000       0x1e /opt/stm32cubeide/plugins/com.st.stm32cube.ide.mcu.externaltools.gnu-tools-for-stm32.10.3-2021.10.linux64_1.0.200.202301161003/tools/bin/../lib/gcc/arm-none-eabi/10.3.1/thumb/v7e-m+fp/hard/crti.o
 .ARM.attributes
                0x000000000000001e       0x34 /opt/stm32cubeide/plugins/com.st.stm32cube.ide.mcu.externaltools.gnu-tools-for-stm32.10.3-2021.10.linux64_1.0.200.202301161003/tools/bin/../lib/gcc/arm-none-eabi/10.3.1/thumb/v7e-m+fp/hard/crtbegin.o
 .ARM.attributes
                0x0000000000000052       0x30 ./Core/Src/flashFunction.o
 .ARM.attributes
                0x0000000000000082       0x30 ./Core/Src/i2c-lcd.o
 .ARM.attributes
                0x00000000000000b2       0x30 ./Core/Src/main.o
 .ARM.attributes
                0x00000000000000e2       0x30 ./Core/Src/stm32f4xx_hal_msp.o
 .ARM.attributes
                0x0000000000000112       0x30 ./Core/Src/stm32f4xx_it.o
 .ARM.attributes
                0x0000000000000142       0x30 ./Core/Src/system_stm32f4xx.o
 .ARM.attributes
                0x0000000000000172       0x21 ./Core/Startup/startup_stm32f411vetx.o
 .ARM.attributes
                0x0000000000000193       0x30 ./Drivers/STM32F4xx_HAL_Driver/Src/stm32f4xx_hal.o
 .ARM.attributes
                0x00000000000001c3       0x30 ./Drivers/STM32F4xx_HAL_Driver/Src/stm32f4xx_hal_adc.o
 .ARM.attributes
                0x00000000000001f3       0x30 ./Drivers/STM32F4xx_HAL_Driver/Src/stm32f4xx_hal_cortex.o
 .ARM.attributes
                0x0000000000000223       0x30 ./Drivers/STM32F4xx_HAL_Driver/Src/stm32f4xx_hal_flash.o
 .ARM.attributes
                0x0000000000000253       0x30 ./Drivers/STM32F4xx_HAL_Driver/Src/stm32f4xx_hal_gpio.o
 .ARM.attributes
                0x0000000000000283       0x30 ./Drivers/STM32F4xx_HAL_Driver/Src/stm32f4xx_hal_i2c.o
 .ARM.attributes
                0x00000000000002b3       0x30 ./Drivers/STM32F4xx_HAL_Driver/Src/stm32f4xx_hal_rcc.o
 .ARM.attributes
                0x00000000000002e3       0x30 ./Drivers/STM32F4xx_HAL_Driver/Src/stm32f4xx_hal_tim.o
 .ARM.attributes
                0x0000000000000313       0x30 ./Drivers/STM32F4xx_HAL_Driver/Src/stm32f4xx_hal_tim_ex.o
 .ARM.attributes
                0x0000000000000343       0x34 /opt/stm32cubeide/plugins/com.st.stm32cube.ide.mcu.externaltools.gnu-tools-for-stm32.10.3-2021.10.linux64_1.0.200.202301161003/tools/bin/../lib/gcc/arm-none-eabi/10.3.1/../../../../arm-none-eabi/lib/thumb/v7e-m+fp/hard/libc_nano.a(lib_a-abs.o)
 .ARM.attributes
                0x0000000000000377       0x34 /opt/stm32cubeide/plugins/com.st.stm32cube.ide.mcu.externaltools.gnu-tools-for-stm32.10.3-2021.10.linux64_1.0.200.202301161003/tools/bin/../lib/gcc/arm-none-eabi/10.3.1/../../../../arm-none-eabi/lib/thumb/v7e-m+fp/hard/libc_nano.a(lib_a-init.o)
 .ARM.attributes
                0x00000000000003ab       0x1e /opt/stm32cubeide/plugins/com.st.stm32cube.ide.mcu.externaltools.gnu-tools-for-stm32.10.3-2021.10.linux64_1.0.200.202301161003/tools/bin/../lib/gcc/arm-none-eabi/10.3.1/thumb/v7e-m+fp/hard/libgcc.a(_arm_addsubdf3.o)
 .ARM.attributes
                0x00000000000003c9       0x1e /opt/stm32cubeide/plugins/com.st.stm32cube.ide.mcu.externaltools.gnu-tools-for-stm32.10.3-2021.10.linux64_1.0.200.202301161003/tools/bin/../lib/gcc/arm-none-eabi/10.3.1/thumb/v7e-m+fp/hard/libgcc.a(_arm_cmpdf2.o)
 .ARM.attributes
                0x00000000000003e7       0x1e /opt/stm32cubeide/plugins/com.st.stm32cube.ide.mcu.externaltools.gnu-tools-for-stm32.10.3-2021.10.linux64_1.0.200.202301161003/tools/bin/../lib/gcc/arm-none-eabi/10.3.1/thumb/v7e-m+fp/hard/libgcc.a(_aeabi_uldivmod.o)
 .ARM.attributes
                0x0000000000000405       0x34 /opt/stm32cubeide/plugins/com.st.stm32cube.ide.mcu.externaltools.gnu-tools-for-stm32.10.3-2021.10.linux64_1.0.200.202301161003/tools/bin/../lib/gcc/arm-none-eabi/10.3.1/thumb/v7e-m+fp/hard/libgcc.a(_udivmoddi4.o)
 .ARM.attributes
                0x0000000000000439       0x1e /opt/stm32cubeide/plugins/com.st.stm32cube.ide.mcu.externaltools.gnu-tools-for-stm32.10.3-2021.10.linux64_1.0.200.202301161003/tools/bin/../lib/gcc/arm-none-eabi/10.3.1/thumb/v7e-m+fp/hard/libgcc.a(_dvmd_tls.o)
 .ARM.attributes
                0x0000000000000457       0x1e /opt/stm32cubeide/plugins/com.st.stm32cube.ide.mcu.externaltools.gnu-tools-for-stm32.10.3-2021.10.linux64_1.0.200.202301161003/tools/bin/../lib/gcc/arm-none-eabi/10.3.1/thumb/v7e-m+fp/hard/crtn.o
OUTPUT(senzor-kovanica.elf elf32-littlearm)
LOAD linker stubs
LOAD /opt/stm32cubeide/plugins/com.st.stm32cube.ide.mcu.externaltools.gnu-tools-for-stm32.10.3-2021.10.linux64_1.0.200.202301161003/tools/bin/../lib/gcc/arm-none-eabi/10.3.1/../../../../arm-none-eabi/lib/thumb/v7e-m+fp/hard/libc.a
LOAD /opt/stm32cubeide/plugins/com.st.stm32cube.ide.mcu.externaltools.gnu-tools-for-stm32.10.3-2021.10.linux64_1.0.200.202301161003/tools/bin/../lib/gcc/arm-none-eabi/10.3.1/../../../../arm-none-eabi/lib/thumb/v7e-m+fp/hard/libm.a
LOAD /opt/stm32cubeide/plugins/com.st.stm32cube.ide.mcu.externaltools.gnu-tools-for-stm32.10.3-2021.10.linux64_1.0.200.202301161003/tools/bin/../lib/gcc/arm-none-eabi/10.3.1/thumb/v7e-m+fp/hard/libgcc.a

.debug_info     0x0000000000000000     0x3e63
 .debug_info    0x0000000000000000       0xee ./Core/Src/flashFunction.o
 .debug_info    0x00000000000000ee      0x57c ./Core/Src/i2c-lcd.o
 .debug_info    0x000000000000066a      0x884 ./Core/Src/main.o
 .debug_info    0x0000000000000eee       0xd0 ./Core/Src/stm32f4xx_hal_msp.o
 .debug_info    0x0000000000000fbe      0x19a ./Core/Src/stm32f4xx_it.o
 .debug_info    0x0000000000001158       0x8c ./Core/Src/system_stm32f4xx.o
 .debug_info    0x00000000000011e4       0x22 ./Core/Startup/startup_stm32f411vetx.o
 .debug_info    0x0000000000001206      0x29a ./Drivers/STM32F4xx_HAL_Driver/Src/stm32f4xx_hal.o
 .debug_info    0x00000000000014a0      0x220 ./Drivers/STM32F4xx_HAL_Driver/Src/stm32f4xx_hal_adc.o
 .debug_info    0x00000000000016c0      0x3e8 ./Drivers/STM32F4xx_HAL_Driver/Src/stm32f4xx_hal_cortex.o
 .debug_info    0x0000000000001aa8      0x263 ./Drivers/STM32F4xx_HAL_Driver/Src/stm32f4xx_hal_flash.o
 .debug_info    0x0000000000001d0b       0xbd ./Drivers/STM32F4xx_HAL_Driver/Src/stm32f4xx_hal_gpio.o
 .debug_info    0x0000000000001dc8      0xc74 ./Drivers/STM32F4xx_HAL_Driver/Src/stm32f4xx_hal_i2c.o
 .debug_info    0x0000000000002a3c      0x1b4 ./Drivers/STM32F4xx_HAL_Driver/Src/stm32f4xx_hal_rcc.o
 .debug_info    0x0000000000002bf0      0xe30 ./Drivers/STM32F4xx_HAL_Driver/Src/stm32f4xx_hal_tim.o
 .debug_info    0x0000000000003a20      0x443 ./Drivers/STM32F4xx_HAL_Driver/Src/stm32f4xx_hal_tim_ex.o

.debug_abbrev   0x0000000000000000      0xef3
 .debug_abbrev  0x0000000000000000       0xd1 ./Core/Src/flashFunction.o
 .debug_abbrev  0x00000000000000d1      0x10e ./Core/Src/i2c-lcd.o
 .debug_abbrev  0x00000000000001df      0x1c1 ./Core/Src/main.o
 .debug_abbrev  0x00000000000003a0       0x90 ./Core/Src/stm32f4xx_hal_msp.o
 .debug_abbrev  0x0000000000000430       0xb9 ./Core/Src/stm32f4xx_it.o
 .debug_abbrev  0x00000000000004e9       0x4c ./Core/Src/system_stm32f4xx.o
 .debug_abbrev  0x0000000000000535       0x12 ./Core/Startup/startup_stm32f411vetx.o
 .debug_abbrev  0x0000000000000547       0xde ./Drivers/STM32F4xx_HAL_Driver/Src/stm32f4xx_hal.o
 .debug_abbrev  0x0000000000000625      0x10a ./Drivers/STM32F4xx_HAL_Driver/Src/stm32f4xx_hal_adc.o
 .debug_abbrev  0x000000000000072f       0xff ./Drivers/STM32F4xx_HAL_Driver/Src/stm32f4xx_hal_cortex.o
 .debug_abbrev  0x000000000000082e      0x183 ./Drivers/STM32F4xx_HAL_Driver/Src/stm32f4xx_hal_flash.o
 .debug_abbrev  0x00000000000009b1       0x5c ./Drivers/STM32F4xx_HAL_Driver/Src/stm32f4xx_hal_gpio.o
 .debug_abbrev  0x0000000000000a0d      0x155 ./Drivers/STM32F4xx_HAL_Driver/Src/stm32f4xx_hal_i2c.o
 .debug_abbrev  0x0000000000000b62      0x105 ./Drivers/STM32F4xx_HAL_Driver/Src/stm32f4xx_hal_rcc.o
 .debug_abbrev  0x0000000000000c67      0x15a ./Drivers/STM32F4xx_HAL_Driver/Src/stm32f4xx_hal_tim.o
 .debug_abbrev  0x0000000000000dc1      0x132 ./Drivers/STM32F4xx_HAL_Driver/Src/stm32f4xx_hal_tim_ex.o

.debug_aranges  0x0000000000000000      0xaf0
 .debug_aranges
                0x0000000000000000       0x40 ./Core/Src/flashFunction.o
 .debug_aranges
                0x0000000000000040       0x78 ./Core/Src/i2c-lcd.o
 .debug_aranges
                0x00000000000000b8       0x50 ./Core/Src/main.o
 .debug_aranges
                0x0000000000000108       0x50 ./Core/Src/stm32f4xx_hal_msp.o
 .debug_aranges
                0x0000000000000158       0x98 ./Core/Src/stm32f4xx_it.o
 .debug_aranges
                0x00000000000001f0       0x28 ./Core/Src/system_stm32f4xx.o
 .debug_aranges
                0x0000000000000218       0x28 ./Core/Startup/startup_stm32f411vetx.o
 .debug_aranges
                0x0000000000000240       0xe8 ./Drivers/STM32F4xx_HAL_Driver/Src/stm32f4xx_hal.o
 .debug_aranges
                0x0000000000000328       0xb8 ./Drivers/STM32F4xx_HAL_Driver/Src/stm32f4xx_hal_adc.o
 .debug_aranges
                0x00000000000003e0       0xa8 ./Drivers/STM32F4xx_HAL_Driver/Src/stm32f4xx_hal_cortex.o
 .debug_aranges
                0x0000000000000488       0x78 ./Drivers/STM32F4xx_HAL_Driver/Src/stm32f4xx_hal_flash.o
 .debug_aranges
                0x0000000000000500       0x58 ./Drivers/STM32F4xx_HAL_Driver/Src/stm32f4xx_hal_gpio.o
 .debug_aranges
                0x0000000000000558      0x188 ./Drivers/STM32F4xx_HAL_Driver/Src/stm32f4xx_hal_i2c.o
 .debug_aranges
                0x00000000000006e0       0x88 ./Drivers/STM32F4xx_HAL_Driver/Src/stm32f4xx_hal_rcc.o
 .debug_aranges
                0x0000000000000768      0x278 ./Drivers/STM32F4xx_HAL_Driver/Src/stm32f4xx_hal_tim.o
 .debug_aranges
                0x00000000000009e0      0x110 ./Drivers/STM32F4xx_HAL_Driver/Src/stm32f4xx_hal_tim_ex.o

.debug_ranges   0x0000000000000000     0x21e0
 .debug_ranges  0x0000000000000000       0x48 ./Core/Src/flashFunction.o
 .debug_ranges  0x0000000000000048      0x3c8 ./Core/Src/i2c-lcd.o
 .debug_ranges  0x0000000000000410      0x1f8 ./Core/Src/main.o
 .debug_ranges  0x0000000000000608       0x40 ./Core/Src/stm32f4xx_hal_msp.o
 .debug_ranges  0x0000000000000648       0x88 ./Core/Src/stm32f4xx_it.o
 .debug_ranges  0x00000000000006d0       0x18 ./Core/Src/system_stm32f4xx.o
 .debug_ranges  0x00000000000006e8       0x20 ./Core/Startup/startup_stm32f411vetx.o
 .debug_ranges  0x0000000000000708       0xd8 ./Drivers/STM32F4xx_HAL_Driver/Src/stm32f4xx_hal.o
 .debug_ranges  0x00000000000007e0       0xd8 ./Drivers/STM32F4xx_HAL_Driver/Src/stm32f4xx_hal_adc.o
 .debug_ranges  0x00000000000008b8      0x150 ./Drivers/STM32F4xx_HAL_Driver/Src/stm32f4xx_hal_cortex.o
 .debug_ranges  0x0000000000000a08      0x198 ./Drivers/STM32F4xx_HAL_Driver/Src/stm32f4xx_hal_flash.o
 .debug_ranges  0x0000000000000ba0       0x48 ./Drivers/STM32F4xx_HAL_Driver/Src/stm32f4xx_hal_gpio.o
 .debug_ranges  0x0000000000000be8      0xbe8 ./Drivers/STM32F4xx_HAL_Driver/Src/stm32f4xx_hal_i2c.o
 .debug_ranges  0x00000000000017d0       0x90 ./Drivers/STM32F4xx_HAL_Driver/Src/stm32f4xx_hal_rcc.o
 .debug_ranges  0x0000000000001860      0x7f0 ./Drivers/STM32F4xx_HAL_Driver/Src/stm32f4xx_hal_tim.o
 .debug_ranges  0x0000000000002050      0x190 ./Drivers/STM32F4xx_HAL_Driver/Src/stm32f4xx_hal_tim_ex.o

.debug_line     0x0000000000000000     0xbdad
 .debug_line    0x0000000000000000      0x15d ./Core/Src/flashFunction.o
 .debug_line    0x000000000000015d      0x7a0 ./Core/Src/i2c-lcd.o
 .debug_line    0x00000000000008fd      0xb5a ./Core/Src/main.o
 .debug_line    0x0000000000001457      0x260 ./Core/Src/stm32f4xx_hal_msp.o
 .debug_line    0x00000000000016b7      0x1e7 ./Core/Src/stm32f4xx_it.o
 .debug_line    0x000000000000189e      0x103 ./Core/Src/system_stm32f4xx.o
 .debug_line    0x00000000000019a1       0x88 ./Core/Startup/startup_stm32f411vetx.o
 .debug_line    0x0000000000001a29      0x3c7 ./Drivers/STM32F4xx_HAL_Driver/Src/stm32f4xx_hal.o
 .debug_line    0x0000000000001df0      0xb8c ./Drivers/STM32F4xx_HAL_Driver/Src/stm32f4xx_hal_adc.o
 .debug_line    0x000000000000297c      0x4e1 ./Drivers/STM32F4xx_HAL_Driver/Src/stm32f4xx_hal_cortex.o
 .debug_line    0x0000000000002e5d      0x5ed ./Drivers/STM32F4xx_HAL_Driver/Src/stm32f4xx_hal_flash.o
 .debug_line    0x000000000000344a      0x3d0 ./Drivers/STM32F4xx_HAL_Driver/Src/stm32f4xx_hal_gpio.o
 .debug_line    0x000000000000381a     0x39ab ./Drivers/STM32F4xx_HAL_Driver/Src/stm32f4xx_hal_i2c.o
 .debug_line    0x00000000000071c5      0x7a0 ./Drivers/STM32F4xx_HAL_Driver/Src/stm32f4xx_hal_rcc.o
 .debug_line    0x0000000000007965     0x3444 ./Drivers/STM32F4xx_HAL_Driver/Src/stm32f4xx_hal_tim.o
 .debug_line    0x000000000000ada9     0x1004 ./Drivers/STM32F4xx_HAL_Driver/Src/stm32f4xx_hal_tim_ex.o

.debug_str      0x0000000000000000     0x29c9
 .debug_str     0x0000000000000000      0x1b1 ./Core/Src/flashFunction.o
 .debug_str     0x00000000000001b1       0xea ./Core/Src/i2c-lcd.o
                                        0x211 (size before relaxing)
 .debug_str     0x000000000000029b      0x432 ./Core/Src/main.o
                                        0x5c2 (size before relaxing)
 .debug_str     0x00000000000006cd       0xc0 ./Core/Src/stm32f4xx_hal_msp.o
                                        0x21d (size before relaxing)
 .debug_str     0x000000000000078d      0x18c ./Core/Src/stm32f4xx_it.o
                                        0x2cc (size before relaxing)
 .debug_str     0x0000000000000919       0x6c ./Core/Src/system_stm32f4xx.o
                                        0x193 (size before relaxing)
 .debug_str     0x0000000000000985       0x36 ./Core/Startup/startup_stm32f411vetx.o
                                         0x8d (size before relaxing)
 .debug_str     0x00000000000009bb      0x245 ./Drivers/STM32F4xx_HAL_Driver/Src/stm32f4xx_hal.o
                                        0x3bc (size before relaxing)
 .debug_str     0x0000000000000c00      0x213 ./Drivers/STM32F4xx_HAL_Driver/Src/stm32f4xx_hal_adc.o
                                        0x3a4 (size before relaxing)
 .debug_str     0x0000000000000e13      0x285 ./Drivers/STM32F4xx_HAL_Driver/Src/stm32f4xx_hal_cortex.o
                                        0x418 (size before relaxing)
 .debug_str     0x0000000000001098      0x1a3 ./Drivers/STM32F4xx_HAL_Driver/Src/stm32f4xx_hal_flash.o
                                        0x30e (size before relaxing)
 .debug_str     0x000000000000123b       0x6e ./Drivers/STM32F4xx_HAL_Driver/Src/stm32f4xx_hal_gpio.o
                                        0x1f5 (size before relaxing)
 .debug_str     0x00000000000012a9      0x79d ./Drivers/STM32F4xx_HAL_Driver/Src/stm32f4xx_hal_i2c.o
                                        0x938 (size before relaxing)
 .debug_str     0x0000000000001a46      0x116 ./Drivers/STM32F4xx_HAL_Driver/Src/stm32f4xx_hal_rcc.o
                                        0x2d6 (size before relaxing)
 .debug_str     0x0000000000001b5c      0xa77 ./Drivers/STM32F4xx_HAL_Driver/Src/stm32f4xx_hal_tim.o
                                        0xc74 (size before relaxing)
 .debug_str     0x00000000000025d3      0x3f6 ./Drivers/STM32F4xx_HAL_Driver/Src/stm32f4xx_hal_tim_ex.o
                                        0x69e (size before relaxing)

.comment        0x0000000000000000       0x50
 .comment       0x0000000000000000       0x50 ./Core/Src/flashFunction.o
                                         0x51 (size before relaxing)
 .comment       0x0000000000000050       0x51 ./Core/Src/i2c-lcd.o
 .comment       0x0000000000000050       0x51 ./Core/Src/main.o
 .comment       0x0000000000000050       0x51 ./Core/Src/stm32f4xx_hal_msp.o
 .comment       0x0000000000000050       0x51 ./Core/Src/stm32f4xx_it.o
 .comment       0x0000000000000050       0x51 ./Core/Src/system_stm32f4xx.o
 .comment       0x0000000000000050       0x51 ./Drivers/STM32F4xx_HAL_Driver/Src/stm32f4xx_hal.o
 .comment       0x0000000000000050       0x51 ./Drivers/STM32F4xx_HAL_Driver/Src/stm32f4xx_hal_adc.o
 .comment       0x0000000000000050       0x51 ./Drivers/STM32F4xx_HAL_Driver/Src/stm32f4xx_hal_cortex.o
 .comment       0x0000000000000050       0x51 ./Drivers/STM32F4xx_HAL_Driver/Src/stm32f4xx_hal_flash.o
 .comment       0x0000000000000050       0x51 ./Drivers/STM32F4xx_HAL_Driver/Src/stm32f4xx_hal_gpio.o
 .comment       0x0000000000000050       0x51 ./Drivers/STM32F4xx_HAL_Driver/Src/stm32f4xx_hal_i2c.o
 .comment       0x0000000000000050       0x51 ./Drivers/STM32F4xx_HAL_Driver/Src/stm32f4xx_hal_rcc.o
 .comment       0x0000000000000050       0x51 ./Drivers/STM32F4xx_HAL_Driver/Src/stm32f4xx_hal_tim.o
 .comment       0x0000000000000050       0x51 ./Drivers/STM32F4xx_HAL_Driver/Src/stm32f4xx_hal_tim_ex.o

.debug_frame    0x0000000000000000     0x2a14
 .debug_frame   0x0000000000000000       0xa4 ./Core/Src/flashFunction.o
 .debug_frame   0x00000000000000a4      0x204 ./Core/Src/i2c-lcd.o
 .debug_frame   0x00000000000002a8       0xe0 ./Core/Src/main.o
 .debug_frame   0x0000000000000388       0xfc ./Core/Src/stm32f4xx_hal_msp.o
 .debug_frame   0x0000000000000484      0x13c ./Core/Src/stm32f4xx_it.o
 .debug_frame   0x00000000000005c0       0x30 ./Core/Src/system_stm32f4xx.o
 .debug_frame   0x00000000000005f0      0x1f4 ./Drivers/STM32F4xx_HAL_Driver/Src/stm32f4xx_hal.o
 .debug_frame   0x00000000000007e4      0x2e4 ./Drivers/STM32F4xx_HAL_Driver/Src/stm32f4xx_hal_adc.o
 .debug_frame   0x0000000000000ac8      0x164 ./Drivers/STM32F4xx_HAL_Driver/Src/stm32f4xx_hal_cortex.o
 .debug_frame   0x0000000000000c2c      0x150 ./Drivers/STM32F4xx_HAL_Driver/Src/stm32f4xx_hal_flash.o
 .debug_frame   0x0000000000000d7c       0xd8 ./Drivers/STM32F4xx_HAL_Driver/Src/stm32f4xx_hal_gpio.o
 .debug_frame   0x0000000000000e54      0x864 ./Drivers/STM32F4xx_HAL_Driver/Src/stm32f4xx_hal_i2c.o
 .debug_frame   0x00000000000016b8      0x18c ./Drivers/STM32F4xx_HAL_Driver/Src/stm32f4xx_hal_rcc.o
 .debug_frame   0x0000000000001844      0xb94 ./Drivers/STM32F4xx_HAL_Driver/Src/stm32f4xx_hal_tim.o
 .debug_frame   0x00000000000023d8      0x420 ./Drivers/STM32F4xx_HAL_Driver/Src/stm32f4xx_hal_tim_ex.o
 .debug_frame   0x00000000000027f8       0x20 /opt/stm32cubeide/plugins/com.st.stm32cube.ide.mcu.externaltools.gnu-tools-for-stm32.10.3-2021.10.linux64_1.0.200.202301161003/tools/bin/../lib/gcc/arm-none-eabi/10.3.1/../../../../arm-none-eabi/lib/thumb/v7e-m+fp/hard/libc_nano.a(lib_a-abs.o)
 .debug_frame   0x0000000000002818       0x2c /opt/stm32cubeide/plugins/com.st.stm32cube.ide.mcu.externaltools.gnu-tools-for-stm32.10.3-2021.10.linux64_1.0.200.202301161003/tools/bin/../lib/gcc/arm-none-eabi/10.3.1/../../../../arm-none-eabi/lib/thumb/v7e-m+fp/hard/libc_nano.a(lib_a-init.o)
 .debug_frame   0x0000000000002844       0xac /opt/stm32cubeide/plugins/com.st.stm32cube.ide.mcu.externaltools.gnu-tools-for-stm32.10.3-2021.10.linux64_1.0.200.202301161003/tools/bin/../lib/gcc/arm-none-eabi/10.3.1/thumb/v7e-m+fp/hard/libgcc.a(_arm_addsubdf3.o)
 .debug_frame   0x00000000000028f0       0xc4 /opt/stm32cubeide/plugins/com.st.stm32cube.ide.mcu.externaltools.gnu-tools-for-stm32.10.3-2021.10.linux64_1.0.200.202301161003/tools/bin/../lib/gcc/arm-none-eabi/10.3.1/thumb/v7e-m+fp/hard/libgcc.a(_arm_cmpdf2.o)
 .debug_frame   0x00000000000029b4       0x2c /opt/stm32cubeide/plugins/com.st.stm32cube.ide.mcu.externaltools.gnu-tools-for-stm32.10.3-2021.10.linux64_1.0.200.202301161003/tools/bin/../lib/gcc/arm-none-eabi/10.3.1/thumb/v7e-m+fp/hard/libgcc.a(_aeabi_uldivmod.o)
 .debug_frame   0x00000000000029e0       0x34 /opt/stm32cubeide/plugins/com.st.stm32cube.ide.mcu.externaltools.gnu-tools-for-stm32.10.3-2021.10.linux64_1.0.200.202301161003/tools/bin/../lib/gcc/arm-none-eabi/10.3.1/thumb/v7e-m+fp/hard/libgcc.a(_udivmoddi4.o)
